// Jest Snapshot v1, https://goo.gl/fbAQLP

exports[`Banner Should render banner successfully 1`] = `
<div
  className="govuk-phase-banner"
>
  <p
    className="govuk-phase-banner__content"
  >
    <strong
      className="govuk-tag govuk-phase-banner__content__tag "
    >
      beta
    </strong>
    <strong
      className="govuk-tag govuk-phase-banner__content__tag "
    >
      development
    </strong>
    <span
      className="govuk-phase-banner__text"
    >
      This is a new service â€“ your 
      <a
        className="govuk-link"
        href="https://servicedesk.com/customer/portal/3/create/50"
      >
        feedback
      </a>
       will help us to improve it.
    </span>
  </p>
</div>
`;
