// Jest Snapshot v1, https://goo.gl/fbAQLP

exports[`Footer Should render footer successfully 1`] = `
<footer
  className="govuk-footer "
  role="contentinfo"
>
  <div
    className="govuk-width-container "
  >
    <div
      className="govuk-footer__meta"
    >
      <div
        className="govuk-footer__meta-item govuk-footer__meta-item--grow"
      >
        <Link
          className="govuk-footer__link govuk-footer__copyright-logo"
          replace={false}
          to="https://www.nationalarchives.gov.uk/information-management/re-using-public-sector-information/uk-government-licensing-framework/crown-copyright/"
        >
          Â© Crown copyright
        </Link>
      </div>
    </div>
  </div>
</footer>
`;
